// Jest Snapshot v1, https://goo.gl/fbAQLP

exports[`Preloader should render correctly 1`] = `
@keyframes animation-0 {
  0% {
    background-color: hsl(200, 20%, 80%);
  }

  100% {
    background-color: hsl(200, 20%, 95%);
  }
}

@keyframes animation-0 {
  0% {
    background-color: hsl(200, 20%, 80%);
  }

  100% {
    background-color: hsl(200, 20%, 95%);
  }
}

@keyframes animation-0 {
  0% {
    background-color: hsl(200, 20%, 80%);
  }

  100% {
    background-color: hsl(200, 20%, 95%);
  }
}

.emotion-0 {
  width: 100%;
  border-radius: 15px;
  margin-bottom: 10px;
  -webkit-animation: animation-0 1s linear infinite alternate;
  animation: animation-0 1s linear infinite alternate;
  height: 50px;
}

.emotion-1 {
  width: 100%;
  border-radius: 15px;
  margin-bottom: 10px;
  -webkit-animation: animation-0 1s linear infinite alternate;
  animation: animation-0 1s linear infinite alternate;
  height: 20px;
  width: 80%;
}

.emotion-2 {
  width: 100%;
  border-radius: 15px;
  margin-bottom: 10px;
  -webkit-animation: animation-0 1s linear infinite alternate;
  animation: animation-0 1s linear infinite alternate;
  height: 20px;
  width: 40%;
}

<div>
  <div
    class="emotion-0"
  />
  <div
    class="emotion-1"
  />
  <div
    class="emotion-2"
  />
  <br />
  <div
    class="emotion-0"
  />
  <div
    class="emotion-1"
  />
  <div
    class="emotion-2"
  />
  <br />
  <div
    class="emotion-0"
  />
  <div
    class="emotion-1"
  />
  <div
    class="emotion-2"
  />
</div>
`;
